// Jest Snapshot v1, https://goo.gl/fbAQLP

exports[`Must pass 1`] = `
<div
  className="button"
/>
`;
